2024-04-03 23:05:07,754, This is 2.34
